// Jest Snapshot v1, https://goo.gl/fbAQLP

exports[`HomePage component should render 1`] = `
Array [
  <div
    id="skip-to"
  >
    <a
      href="#content"
    >
      Skip to main content
    </a>
  </div>,
  <header
    className="clearfix masthead-black-bar"
    id="masthead-black-bar"
  >
    <nav
      className="row"
    >
      <ul
        className="menu"
        id="global-nav"
      >
        <li
          className="home-mobile"
        >
          <a
            href="//www.ebi.ac.uk"
          >
            EMBL-EBI
          </a>
        </li>
        <li
          className="home active"
        >
          <a
            href="//www.ebi.ac.uk"
          >
            EMBL-EBI
          </a>
        </li>
        <li
          className="services"
        >
          <a
            href="//www.ebi.ac.uk/services"
          >
            Services
          </a>
        </li>
        <li
          className="research"
        >
          <a
            href="//www.ebi.ac.uk/research"
          >
            Research
          </a>
        </li>
        <li
          className="training"
        >
          <a
            href="//www.ebi.ac.uk/training"
          >
            Training
          </a>
        </li>
        <li
          className="about"
        >
          <a
            href="//www.ebi.ac.uk/about"
          >
            About us
          </a>
        </li>
        <li
          className="search"
        >
          <a
            data-toggle="search-global-dropdown"
            href="#/"
          >
            <span
              className="show-for-small-only"
            >
              Search
            </span>
          </a>
          <div
            className="dropdown-pane"
            data-dropdown={true}
            data-options="closeOnClick:true;"
            id="search-global-dropdown"
          />
        </li>
        <li
          className="float-right show-for-medium embl-selector"
        >
          <button
            className="button float-right"
            data-toggle="embl-dropdown"
            type="button"
          >
            Hinxton
          </button>
        </li>
      </ul>
    </nav>
  </header>,
  <div
    className="content"
    id="content"
  >
    <div
      data-sticky-container={true}
    >
      <div
        className="masthead"
        data-btm-anchor="main-content-area:bottom"
        data-sticky={true}
        data-sticky-on="large"
        data-top-anchor="main-content-area:top"
        id="masthead"
      >
        <div
          className="masthead-inner row"
        >
          <div
            className="local-title columns medium-7"
            id="local-title"
          >
            <a
              href="/uniprot/pepvep/"
              title="Back to PepVEP's homepage"
            >
              PepVEP
            </a>
          </div>
          <div
            className="column medium-5"
            id="ebi-standard-search-field"
          >
            <form
              id="ebi_search"
              onSubmit={[Function]}
            >
              <fieldset>
                <div
                  className="input-group margin-bottom-none margin-top-large"
                >
                  <input
                    className="input-group-field"
                    id="query"
                    maxLength="2048"
                    name="query"
                    onChange={[Function]}
                    placeholder="Search service"
                    size="35"
                    tabIndex="0"
                    title="EB-eye Search"
                    type="text"
                    value=""
                  />
                  <div
                    className="input-group-button"
                  >
                    <button
                      className="button icon icon-functional"
                      onClick={[Function]}
                      type="submit"
                    >
                      Search
                    </button>
                  </div>
                </div>
              </fieldset>
              <p
                className="small"
                id="example"
              >
                <span>
                  Examples:Â 
                </span>
                <a
                  href="/ebisearch/search.ebi?db=allebi&requestFrom=ebi_index&query=blast"
                >
                  blast
                </a>
                ,
                <a
                  href="/ebisearch/search.ebi?db=allebi&query=keratin&requestFrom=ebi_index"
                >
                  keratin
                </a>
                ,
                <a
                  href="/ebisearch/search.ebi?db=allebi&query=bfl1&requestFrom=ebi_index"
                >
                  bfl1
                </a>
                <button
                  className="float-right"
                >
                  <span
                    className="icon icon-generic"
                    data-icon="("
                  />
                   advanced search
                </button>
              </p>
            </form>
          </div>
        </div>
      </div>
    </div>
    <section
      className="row"
      role="main"
    >
      <div
        className="main-content-area row"
        id="main-content-area"
      >
        <div
          className="small-12 columns"
        >
          <div
            className="default-page-layout"
          >
            <div
              className="default-page-conent"
            >
              <div
                className="text-area-search"
              >
                <h3>
                  Variant Input
                </h3>
                <div
                  className="input-examples"
                >
                  <b>
                    Examples
                  </b>
                  <br />
                  <div>
                    <span>
                      Genomic Position:
                    </span>
                    <span
                      className="variant-example"
                    >
                      3 165830358 165830358 T/C
                    </span>
                  </div>
                  <div>
                    <span>
                      Gene Symbol:
                    </span>
                    <span
                      className="variant-example"
                    >
                      TP53:p.Arg175His
                    </span>
                  </div>
                  <div>
                    <span>
                      dbSNP HGVS:
                    </span>
                    <span
                      className="variant-example"
                    >
                      NM_145255.3:c.526C&gt;T
                    </span>
                  </div>
                </div>
                <form
                  onSubmit={[Function]}
                >
                  <textarea
                    className="main-textarea-search-field"
                    id="main-textarea-search-field"
                    onChange={[Function]}
                    value="14 89993420 89993420 A/G . . .
20 58909365 58909365 C/A . . .
3 165830358 165830358 T/C . . .
21 43072000 43072000 T/C . . .
21 43060540 43060540 C/T . . .
22 19479862 19479862 G/C . . .
22 19494512 19494512 C/G . . ."
                  />
                  <span
                    className="assemly-ref-note"
                  >
                    Reference Genome Assembly: GRCh38 (hg38)
                  </span>
                  <a
                    href="http://www.ensembl.org/Homo_sapiens/Tools/AssemblyConverter?db=core"
                    rel="noopener noreferrer"
                    target="_blank"
                  >
                    Open Ensembl Assembly Remapping
                  </a>
                  <div
                    className="search-button-group"
                    id="search-button-group"
                  >
                    <button
                      className="button button--primary"
                      onClick={[Function]}
                      type="submit"
                    >
                      Search
                    </button>
                    <button
                      className="button "
                      onClick={[Function]}
                      type="button"
                    >
                      Clear Input
                    </button>
                  </div>
                </form>
              </div>
              <div
                className="about-section"
              >
                <h3>
                  About PepVEP
                </h3>
                <p>
                  PepVEP is an intuitive web resource for scientists to interpret the effects of genomic variants on protein function or structure per residue altered by a genomic variant. It unites existing genomic and protein EMBL-EBI expertise; providing functional information from the Variant Effect Predictor (VEP), UniProt functional residue annotation (Protein function), and PDBe structural residue annotation in an integrated platform.
                </p>
              </div>
            </div>
          </div>
        </div>
      </div>
    </section>
  </div>,
  <footer>
    <div
      className="global-footer"
      id="global-footer"
    >
      <nav
        className="global-nav-expanded row"
        id="global-nav-expanded"
      />
      <section
        className="ebi-footer-meta row"
        id="ebi-footer-meta"
      />
    </div>
  </footer>,
]
`;
